[colorlib.com/preview/theme/industry/index.html]
[colorlib.com/preview/theme/industry/img/fav.png]
[backblue.gif]
[fade.gif]
[index.html]
[colorlib.com/preview/theme/industry/css/linearicons.css]
[colorlib.com/preview/theme/industry/css/font-awesome.min.css]
[colorlib.com/preview/theme/industry/css/bootstrap.css]
[colorlib.com/preview/theme/industry/css/magnific-popup.css]
[colorlib.com/preview/theme/industry/css/nice-select.css]
[colorlib.com/preview/theme/industry/css/hexagons.min.css]
[colorlib.com/preview/theme/industry/css/animate.min.css]
[colorlib.com/preview/theme/industry/css/owl.carousel.css]
[colorlib.com/preview/theme/industry/css/main.css]
[colorlib.com/preview/theme/industry/img/logo.png]
[colorlib.com/preview/theme/industry/about.html]
[colorlib.com/preview/theme/industry/services.html]
[colorlib.com/preview/theme/industry/projects.html]
[colorlib.com/preview/theme/industry/blog-home.html]
[colorlib.com/preview/theme/industry/blog-single.html]
[colorlib.com/preview/theme/industry/contact.html]
[colorlib.com/preview/theme/industry/elements.html]
[colorlib.com/preview/theme/industry/img/s1.jpg]
[colorlib.com/preview/theme/industry/img/s2.jpg]
[colorlib.com/preview/theme/industry/img/s3.jpg]
[colorlib.com/preview/theme/industry/img/p1.jpg]
[colorlib.com/preview/theme/industry/img/p2.jpg]
[colorlib.com/preview/theme/industry/img/p3.jpg]
[colorlib.com/preview/theme/industry/img/p4.jpg]
[colorlib.com/preview/theme/industry/img/play-btn.png]
[colorlib.com/preview/theme/industry/img/b1.jpg]
[colorlib.com/preview/theme/industry/img/user.png]
[colorlib.com/preview/theme/industry/img/b2.jpg]
[colorlib.com/preview/theme/industry/img/b3.jpg]
[colorlib.com/cdn-cgi/scripts/5c5dd728/cloudflare-static/email-decode.min.js]
[colorlib.com/preview/theme/industry/js/vendor/jquery-2.2.4.min.js]
[cdnjs.cloudflare.com/ajax/libs/popper.js/1.12.9/umd/popper.min.js]
[colorlib.com/preview/theme/industry/js/vendor/bootstrap.min.js]
[colorlib.com/preview/theme/industry/js/easing.min.js]
[colorlib.com/preview/theme/industry/js/hoverIntent.js]
[colorlib.com/preview/theme/industry/js/superfish.min.js]
[colorlib.com/preview/theme/industry/js/jquery.ajaxchimp.min.js]
[colorlib.com/preview/theme/industry/js/jquery.magnific-popup.min.js]
[colorlib.com/preview/theme/industry/js/owl.carousel.min.js]
[colorlib.com/preview/theme/industry/js/hexagons.min.js]
[colorlib.com/preview/theme/industry/js/jquery.nice-select.min.js]
[colorlib.com/preview/theme/industry/js/jquery.counterup.min.js]
[colorlib.com/preview/theme/industry/js/waypoints.min.js]
[colorlib.com/preview/theme/industry/js/mail-script.js]
[colorlib.com/preview/theme/industry/js/main.js]
[ajax.cloudflare.com/cdn-cgi/scripts/7089c43e/cloudflare-static/rocket-loader.min.js]
[colorlib.com/preview/theme/industry/index.html]
[colorlib.com/preview/theme/industry/img/fav.html]
[static.cloudflareinsights.com/beacon.min.js]
[colorlib.com/preview/theme/industry/fonts/Linearicons-Free54e9.eot]
[colorlib.com/preview/theme/industry/fonts/Linearicons-Freed41d.eot]
[colorlib.com/preview/theme/industry/fonts/Linearicons-Free54e9.woff2]
[colorlib.com/preview/theme/industry/fonts/Linearicons-Free54e9.woff]
[colorlib.com/preview/theme/industry/fonts/Linearicons-Free54e9.ttf]
[colorlib.com/preview/theme/industry/css/linearicons.css]
[colorlib.com/preview/theme/industry/fonts/Linearicons-Free54e9.svg]
[colorlib.com/preview/theme/industry/fonts/fontawesome-webfont3e6e.eot]
[colorlib.com/preview/theme/industry/fonts/fontawesome-webfontd41d.eot]
[colorlib.com/preview/theme/industry/fonts/fontawesome-webfont3e6e.woff2]
[colorlib.com/preview/theme/industry/fonts/fontawesome-webfont3e6e.woff]
[colorlib.com/preview/theme/industry/fonts/fontawesome-webfont3e6e.ttf]
[colorlib.com/preview/theme/industry/css/font-awesome.min.css]
[colorlib.com/preview/theme/industry/css/bootstrap.css]
[colorlib.com/preview/theme/industry/css/magnific-popup.css]
[colorlib.com/preview/theme/industry/css/nice-select.css]
[colorlib.com/preview/theme/industry/css/hexagons.min.css]
[colorlib.com/preview/theme/industry/css/animate.min.css]
[colorlib.com/preview/theme/industry/fonts/fontawesome-webfont3e6e.svg]
[colorlib.com/preview/theme/industry/css/owl.video.play.png]
[colorlib.com/preview/theme/industry/css/owl.carousel.css]
[colorlib.com/preview/theme/industry/img/elements/primary-check.png]
[colorlib.com/preview/theme/industry/img/elements/success-check.png]
[colorlib.com/preview/theme/industry/img/elements/disabled-check.png]
[colorlib.com/preview/theme/industry/img/elements/primary-radio.png]
[colorlib.com/preview/theme/industry/img/elements/success-radio.png]
[colorlib.com/preview/theme/industry/img/elements/disabled-radio.png]
[colorlib.com/preview/theme/industry/img/header-bg.jpg]
[colorlib.com/preview/theme/industry/img/form-bg.jpg]
[colorlib.com/preview/theme/industry/img/fact.jpg]
[colorlib.com/preview/theme/industry/img/feedback-bg.jpg]
[colorlib.com/preview/theme/industry/img/video-bg.jpg]
[colorlib.com/preview/theme/industry/img/elements/blog/blog-banner.jpg]
[colorlib.com/preview/theme/industry/css/main.css]
[colorlib.com/preview/theme/industry/about.html]
[colorlib.com/preview/theme/industry/services.html]
[colorlib.com/preview/theme/industry/projects.html]
[colorlib.com/preview/theme/industry/img/blog/p1.jpg]
[colorlib.com/preview/theme/industry/img/blog/p2.jpg]
[colorlib.com/preview/theme/industry/img/blog/p3.jpg]
[colorlib.com/preview/theme/industry/img/blog/p4.jpg]
[colorlib.com/preview/theme/industry/img/blog/user2.jpg]
[colorlib.com/preview/theme/industry/img/blog/r1.jpg]
[colorlib.com/preview/theme/industry/img/blog/r2.jpg]
[colorlib.com/preview/theme/industry/img/blog/r3.jpg]
[colorlib.com/preview/theme/industry/img/blog/r4.jpg]
[colorlib.com/preview/theme/industry/blog-home.html]
[colorlib.com/preview/theme/industry/img/blog/prev.jpg]
[colorlib.com/preview/theme/industry/img/blog/next.jpg]
[colorlib.com/preview/theme/industry/img/blog/c1.jpg]
[colorlib.com/preview/theme/industry/img/blog/c2.jpg]
[colorlib.com/preview/theme/industry/img/blog/c3.jpg]
[colorlib.com/preview/theme/industry/img/blog/c4.jpg]
[colorlib.com/preview/theme/industry/img/blog/c5.jpg]
[colorlib.com/preview/theme/industry/blog-single.html]
[colorlib.com/preview/theme/industry/contact.html]
[colorlib.com/preview/theme/industry/img/elements/fav.png]
[colorlib.com/preview/theme/industry/img/elements/d.jpg]
[colorlib.com/preview/theme/industry/img/elements/f1.jpg]
[colorlib.com/preview/theme/industry/img/elements/f2.jpg]
[colorlib.com/preview/theme/industry/img/elements/f3.jpg]
[colorlib.com/preview/theme/industry/img/elements/f4.jpg]
[colorlib.com/preview/theme/industry/img/elements/f5.jpg]
[colorlib.com/preview/theme/industry/img/elements/f6.jpg]
[colorlib.com/preview/theme/industry/img/elements/f7.jpg]
[colorlib.com/preview/theme/industry/img/elements/f8.jpg]
[colorlib.com/preview/theme/industry/img/elements/g1.jpg]
[colorlib.com/preview/theme/industry/img/elements/g2.jpg]
[colorlib.com/preview/theme/industry/img/elements/g3.jpg]
[colorlib.com/preview/theme/industry/img/elements/g4.jpg]
[colorlib.com/preview/theme/industry/img/elements/g5.jpg]
[colorlib.com/preview/theme/industry/img/elements/g6.jpg]
[colorlib.com/preview/theme/industry/img/elements/g7.jpg]
[colorlib.com/preview/theme/industry/img/elements/g8.jpg]
[colorlib.com/preview/theme/industry/js/jquery.sticky.js]
[colorlib.com/preview/theme/industry/elements.html]
[colorlib.com/preview/theme/industry/fonts/Linearicons-Free54e9.svg]
[colorlib.com/preview/theme/industry/fonts/fontawesome-webfont3e6e.svg]
[colorlib.com/preview/theme/industry/css/owl.video.play.html]
[colorlib.com/preview/theme/industry/img/elements/blog/blog-banner.html]
[colorlib.com/preview/theme/industry/img/elements/fav.html]
[colorlib.com/preview/theme/industry/js/parallax.min.js]
